// Jest Snapshot v1, https://goo.gl/fbAQLP

exports[`test <SecondPage /> should show correctly 1`] = `[Function]`;
