// Jest Snapshot v1, https://goo.gl/fbAQLP

exports[`test <FirstPage />  should show FirstPage correctly 1`] = `
<Styled(Link)
  to="secondpage"
>
  Scan QR Code
</Styled(Link)>
`;
